00:10:52 INFO    Saved idle time of 00:10:52 between initial arrival and first flight for aircraft 0 at SFO.
00:14:40 INFO    Saved idle time of 00:14:40 between initial arrival and first flight for aircraft 5 at MV.
00:16:36 INFO    Saved idle time of 00:16:36 between initial arrival and first flight for aircraft 1 at SFO.
00:28:38 INFO    Saved idle time of 00:28:38 between initial arrival and first flight for aircraft 6 at MV.
00:38:48 INFO    Saved idle time of 00:38:48 between initial arrival and first flight for aircraft 2 at SFO.
00:45:50 INFO    Saved idle time of 00:45:50 between initial arrival and first flight for aircraft 7 at MV.
00:57:41 INFO    Saved idle time of 00:57:41 between initial arrival and first flight for aircraft 3 at SFO.
01:05:00 INFO    Saved idle time of 01:05:00 between initial arrival and first flight for aircraft 8 at MV.
01:13:03 INFO    Saved idle time of 01:13:03 between initial arrival and first flight for aircraft 4 at SFO.
01:25:25 INFO    Saved idle time of 01:25:25 between initial arrival and first flight for aircraft 9 at MV.
01:30:24 INFO    Saved idle time of 01:00:49 between initial arrival and first flight for aircraft 5 at SFO.
01:35:54 INFO    Saved idle time of 00:52:21 between initial arrival and first flight for aircraft 6 at SFO.
01:45:50 INFO    Saved idle time of 01:45:50 between initial arrival and first flight for aircraft 10 at MV.
01:48:01 INFO    Saved idle time of 00:46:37 between initial arrival and first flight for aircraft 7 at SFO.
01:48:38 INFO    Saved idle time of 01:48:38 between initial arrival and first flight for aircraft 11 at MV.
01:59:19 INFO    Saved idle time of 01:59:19 between initial arrival and first flight for aircraft 12 at MV.
02:06:14 INFO    Saved idle time of 00:46:20 between initial arrival and first flight for aircraft 8 at SFO.
02:10:20 INFO    Saved idle time of 00:30:00 between initial arrival and first flight for aircraft 9 at SFO.
02:23:04 INFO    Saved idle time of 01:57:17 between initial arrival and first flight for aircraft 0 at MV.
02:32:45 INFO    Saved idle time of 00:32:01 between initial arrival and first flight for aircraft 10 at SFO.
02:45:29 INFO    Saved idle time of 02:12:41 between initial arrival and first flight for aircraft 1 at MV.
02:47:40 INFO    Saved idle time of 00:44:08 between initial arrival and first flight for aircraft 11 at SFO.
02:53:30 INFO    Saved idle time of 00:39:16 between initial arrival and first flight for aircraft 12 at SFO.
03:00:25 INFO    Saved idle time of 02:06:41 between initial arrival and first flight for aircraft 2 at MV.
03:03:49 INFO    Saved idle time of 00:25:50 between initial arrival and first flight for aircraft 0 at SFO.
03:06:15 INFO    Saved idle time of 01:53:39 between initial arrival and first flight for aircraft 3 at MV.
03:07:48 INFO    Saved idle time of 00:07:24 between initial arrival and first flight for aircraft 1 at SFO.
03:16:05 INFO    Saved idle time of 00:00:46 between initial arrival and first flight for aircraft 2 at SFO.
03:16:34 INFO    Saved idle time of 01:46:59 between initial arrival and first flight for aircraft 4 at MV.
03:20:32 INFO    Saved idle time of 01:30:32 between initial arrival and first flight for aircraft 5 at MV.
03:28:49 INFO    Saved idle time of 01:36:01 between initial arrival and first flight for aircraft 6 at MV.
03:30:05 INFO    Saved idle time of 00:08:55 between initial arrival and first flight for aircraft 3 at SFO.
03:34:55 INFO    Saved idle time of 00:03:27 between initial arrival and first flight for aircraft 4 at SFO.
03:42:49 INFO    Saved idle time of 01:39:20 between initial arrival and first flight for aircraft 7 at MV.
03:47:40 INFO    Saved idle time of 01:20:25 between initial arrival and first flight for aircraft 8 at MV.
03:50:05 INFO    Saved idle time of 00:14:39 between initial arrival and first flight for aircraft 5 at SFO.
03:55:42 INFO    Saved idle time of 01:06:02 between initial arrival and first flight for aircraft 9 at MV.
04:09:09 INFO    Saved idle time of 00:25:25 between initial arrival and first flight for aircraft 6 at SFO.
04:16:56 INFO    Saved idle time of 00:19:12 between initial arrival and first flight for aircraft 7 at SFO.
04:20:17 INFO    Saved idle time of 01:15:42 between initial arrival and first flight for aircraft 10 at MV.
04:21:53 INFO    Saved idle time of 01:11:28 between initial arrival and first flight for aircraft 11 at MV.
04:25:11 INFO    Saved idle time of 00:22:36 between initial arrival and first flight for aircraft 8 at SFO.
04:26:06 INFO    Saved idle time of 00:00:30 between arrival and charging for aircraft 5 at MV_PARK16.
04:28:01 INFO    Saved idle time of 00:00:30 between arrival and charging for aircraft 6 at MV_PARK15.
04:29:30 INFO    Saved idle time of 00:18:53 between initial arrival and first flight for aircraft 9 at SFO.
04:29:53 INFO    Saved idle time of 01:09:09 between initial arrival and first flight for aircraft 12 at MV.
04:34:33 INFO    Saved idle time of 00:00:30 between arrival and charging for aircraft 7 at MV_PARK14.
04:36:43 INFO    Saved idle time of 01:12:00 between initial arrival and first flight for aircraft 0 at MV.
04:43:31 INFO    Saved idle time of 00:08:19 between initial arrival and first flight for aircraft 10 at SFO.
04:51:44 INFO    Saved idle time of 01:18:44 between initial arrival and first flight for aircraft 1 at MV.
04:52:07 INFO    Saved idle time of 00:00:30 between arrival and charging for aircraft 0 at SFO_PARK16.
04:56:24 INFO    Saved idle time of 00:00:29 between arrival and charging for aircraft 9 at MV_PARK12.
04:57:27 INFO    Saved idle time of 00:20:10 between initial arrival and first flight for aircraft 11 at SFO.
05:07:08 INFO    Saved idle time of 00:00:30 between arrival and charging for aircraft 1 at SFO_PARK15.
05:07:59 INFO    Saved idle time of 00:23:11 between initial arrival and first flight for aircraft 12 at SFO.
05:10:12 INFO    Saved idle time of 01:23:12 between initial arrival and first flight for aircraft 2 at MV.
05:14:40 INFO    Saved idle time of 01:22:49 between initial arrival and first flight for aircraft 3 at MV.
05:14:52 INFO    Saved idle time of 00:00:30 between arrival and charging for aircraft 10 at MV_PARK11.
05:19:20 INFO    Saved idle time of 00:00:30 between arrival and charging for aircraft 11 at MV_PARK18.
05:20:56 INFO    Saved idle time of 01:21:03 between initial arrival and first flight for aircraft 4 at MV.
05:25:36 INFO    Saved idle time of 00:00:30 between arrival and charging for aircraft 12 at MV_PARK17.
05:25:37 INFO    Saved idle time of 00:00:30 between arrival and charging for aircraft 2 at SFO_PARK14.
05:27:17 INFO    Saved idle time 00:21:35 between charging end or arrival and the flight allocation for aircraft 0 at SFO.
05:29:02 INFO    Saved idle time 00:52:17 between charging end or arrival and the flight allocation for aircraft 5 at MV.
05:30:05 INFO    Saved idle time of 00:00:30 between arrival and charging for aircraft 3 at SFO_PARK11.
05:36:20 INFO    Saved idle time of 00:00:29 between arrival and charging for aircraft 4 at SFO_PARK12.
05:37:28 INFO    Saved idle time 00:16:44 between charging end or arrival and the flight allocation for aircraft 1 at SFO.
05:44:23 INFO    Saved idle time 00:05:32 between charging end or arrival and the flight allocation for aircraft 2 at SFO.
05:45:43 INFO    Saved idle time of 01:04:50 between initial arrival and first flight for aircraft 8 at MV.
05:57:47 INFO    Saved idle time 00:15:50 between charging end or arrival and the flight allocation for aircraft 5 at SFO.
06:01:59 INFO    Saved idle time of 00:00:30 between arrival and charging for aircraft 8 at SFO_PARK18.
06:04:22 INFO    Saved idle time 01:22:46 between charging end or arrival and the flight allocation for aircraft 6 at MV.
06:10:18 INFO    Saved idle time 00:26:38 between charging end or arrival and the flight allocation for aircraft 3 at SFO.
06:12:17 INFO    Saved idle time 01:26:18 between charging end or arrival and the flight allocation for aircraft 7 at MV.
06:14:57 INFO    Saved idle time of 00:00:30 between arrival and charging for aircraft 5 at MV_PARK14.
06:23:38 INFO    Saved idle time 01:13:38 between charging end or arrival and the flight allocation for aircraft 9 at MV.
06:26:02 INFO    Saved idle time 00:36:28 between charging end or arrival and the flight allocation for aircraft 4 at SFO.
06:36:13 INFO    Saved idle time 00:18:58 between charging end or arrival and the flight allocation for aircraft 8 at SFO.
06:38:56 INFO    Saved idle time 00:21:39 between charging end or arrival and the flight allocation for aircraft 6 at SFO.
06:42:15 INFO    Saved idle time 01:14:51 between charging end or arrival and the flight allocation for aircraft 10 at MV.
06:45:16 INFO    Saved idle time 00:20:04 between charging end or arrival and the flight allocation for aircraft 7 at SFO.
06:51:40 INFO    Saved idle time 01:18:04 between charging end or arrival and the flight allocation for aircraft 11 at MV.
06:56:53 INFO    Saved idle time 00:20:21 between charging end or arrival and the flight allocation for aircraft 9 at SFO.
06:58:00 INFO    Saved idle time 01:18:08 between charging end or arrival and the flight allocation for aircraft 12 at MV.
07:00:41 INFO    Saved idle time of 00:00:30 between arrival and charging for aircraft 6 at MV_PARK17.
07:04:32 INFO    Saved idle time 01:24:20 between charging end or arrival and the flight allocation for aircraft 0 at MV.
07:08:18 INFO    Saved idle time 00:13:08 between charging end or arrival and the flight allocation for aircraft 10 at SFO.
07:09:13 INFO    Saved idle time of 00:00:30 between arrival and charging for aircraft 7 at MV_PARK16.
07:19:57 INFO    Saved idle time of 00:00:29 between arrival and charging for aircraft 0 at SFO_PARK12.
07:20:40 INFO    Saved idle time 00:16:04 between charging end or arrival and the flight allocation for aircraft 11 at SFO.
07:21:02 INFO    Saved idle time 01:30:39 between charging end or arrival and the flight allocation for aircraft 1 at MV.
07:25:42 INFO    Saved idle time of 00:00:29 between arrival and charging for aircraft 9 at MV_PARK13.
07:26:57 INFO    Saved idle time 00:14:57 between charging end or arrival and the flight allocation for aircraft 12 at SFO.
07:33:24 INFO    Saved idle time 01:26:51 between charging end or arrival and the flight allocation for aircraft 2 at MV.
07:36:27 INFO    Saved idle time of 00:00:30 between arrival and charging for aircraft 1 at SFO_PARK18.
07:38:04 INFO    Saved idle time of 00:00:30 between arrival and charging for aircraft 10 at MV_PARK15.
07:39:42 INFO    Saved idle time 01:13:54 between charging end or arrival and the flight allocation for aircraft 3 at MV.
07:39:56 INFO    Saved idle time 00:05:03 between charging end or arrival and the flight allocation for aircraft 0 at SFO.
07:44:22 INFO    Saved idle time of 00:00:29 between arrival and charging for aircraft 11 at MV_PARK12.
07:48:49 INFO    Saved idle time of 00:00:30 between arrival and charging for aircraft 2 at SFO_PARK17.
07:50:40 INFO    Saved idle time 01:20:46 between charging end or arrival and the flight allocation for aircraft 5 at MV.
07:51:42 INFO    Saved idle time 00:01:40 between charging end or arrival and the flight allocation for aircraft 1 at SFO.
07:53:20 INFO    Saved idle time of 00:00:30 between arrival and charging for aircraft 12 at MV_PARK14.
07:55:06 INFO    Saved idle time of 00:00:30 between arrival and charging for aircraft 3 at SFO_PARK16.
07:59:37 INFO    Saved idle time 01:15:12 between charging end or arrival and the flight allocation for aircraft 4 at MV.
08:02:27 INFO    Saved idle time 01:08:36 between charging end or arrival and the flight allocation for aircraft 8 at MV.
08:03:04 INFO    Saved idle time 00:00:00 between charging end or arrival and the flight allocation for aircraft 2 at SFO.
08:15:02 INFO    Saved idle time of 00:00:30 between arrival and charging for aircraft 4 at SFO_PARK14.
08:17:51 INFO    Saved idle time of 00:00:29 between arrival and charging for aircraft 8 at SFO_PARK13.
08:18:31 INFO    Saved idle time 01:02:15 between charging end or arrival and the flight allocation for aircraft 6 at MV.
08:21:02 INFO    Saved idle time 00:16:15 between charging end or arrival and the flight allocation for aircraft 5 at SFO.
08:22:58 INFO    Saved idle time 00:58:10 between charging end or arrival and the flight allocation for aircraft 7 at MV.
08:23:15 INFO    Saved idle time 00:14:13 between charging end or arrival and the flight allocation for aircraft 3 at SFO.
08:25:55 INFO    Saved idle time 00:45:16 between charging end or arrival and the flight allocation for aircraft 9 at MV.
08:34:58 INFO    Saved idle time 00:05:00 between charging end or arrival and the flight allocation for aircraft 4 at SFO.
08:36:28 INFO    Saved idle time of 00:00:30 between arrival and charging for aircraft 5 at MV_PARK16.
08:36:56 INFO    Saved idle time 00:42:58 between charging end or arrival and the flight allocation for aircraft 10 at MV.
08:43:05 INFO    Saved idle time 00:11:18 between charging end or arrival and the flight allocation for aircraft 8 at SFO.
08:43:57 INFO    Saved idle time 00:44:19 between charging end or arrival and the flight allocation for aircraft 11 at MV.
08:52:00 INFO    Saved idle time 00:20:34 between charging end or arrival and the flight allocation for aircraft 6 at SFO.
09:04:47 INFO    Saved idle time 00:28:06 between charging end or arrival and the flight allocation for aircraft 7 at SFO.
09:08:23 INFO    Saved idle time 01:04:35 between charging end or arrival and the flight allocation for aircraft 0 at MV.
09:11:50 INFO    Saved idle time 00:33:01 between charging end or arrival and the flight allocation for aircraft 9 at SFO.
09:13:03 INFO    Saved idle time of 00:00:30 between arrival and charging for aircraft 6 at MV_PARK11.
09:15:58 INFO    Saved idle time 01:09:21 between charging end or arrival and the flight allocation for aircraft 1 at MV.
09:20:39 INFO    Saved idle time of 00:00:30 between arrival and charging for aircraft 7 at MV_PARK18.
09:23:15 INFO    Saved idle time 00:33:24 between charging end or arrival and the flight allocation for aircraft 10 at SFO.
09:23:48 INFO    Saved idle time of 00:00:30 between arrival and charging for aircraft 0 at SFO_PARK16.
09:30:46 INFO    Saved idle time 01:22:10 between charging end or arrival and the flight allocation for aircraft 12 at MV.
09:31:23 INFO    Saved idle time of 00:00:30 between arrival and charging for aircraft 1 at SFO_PARK14.
09:33:26 INFO    Saved idle time of 00:00:30 between arrival and charging for aircraft 9 at MV_PARK14.
09:37:31 INFO    Saved idle time 00:40:40 between charging end or arrival and the flight allocation for aircraft 11 at SFO.
09:41:57 INFO    Saved idle time 01:21:16 between charging end or arrival and the flight allocation for aircraft 2 at MV.
09:43:05 INFO    Saved idle time 00:04:02 between charging end or arrival and the flight allocation for aircraft 0 at SFO.
09:46:38 INFO    Saved idle time of 00:00:30 between arrival and charging for aircraft 10 at MV_PARK17.
09:53:24 INFO    Saved idle time 00:08:36 between charging end or arrival and the flight allocation for aircraft 12 at SFO.
09:53:50 INFO    Saved idle time 01:15:10 between charging end or arrival and the flight allocation for aircraft 3 at MV.
09:55:55 INFO    Saved idle time 00:09:16 between charging end or arrival and the flight allocation for aircraft 1 at SFO.
09:58:30 INFO    Saved idle time of 00:00:29 between arrival and charging for aircraft 11 at MV_PARK13.
09:58:52 INFO    Saved idle time of 00:00:30 between arrival and charging for aircraft 2 at SFO_PARK11.
10:06:08 INFO    Saved idle time 01:18:15 between charging end or arrival and the flight allocation for aircraft 4 at MV.
10:08:13 INFO    Saved idle time 01:17:09 between charging end or arrival and the flight allocation for aircraft 5 at MV.
10:08:13 INFO    Saved idle time 01:12:14 between charging end or arrival and the flight allocation for aircraft 8 at MV.
10:09:14 INFO    Saved idle time 00:00:29 between charging end or arrival and the flight allocation for aircraft 3 at SFO.
10:11:37 INFO    Saved idle time of 00:00:30 between arrival and charging for aircraft 0 at MV_PARK15.
10:13:32 INFO    Saved idle time of 00:00:30 between arrival and charging for aircraft 12 at MV_PARK16.
10:13:48 INFO    Saved idle time 00:00:00 between charging end or arrival and the flight allocation for aircraft 2 at SFO.
10:15:26 INFO    Saved idle time of 00:00:29 between arrival and charging for aircraft 1 at MV_PARK12.
10:16:09 INFO    Saved idle time 00:48:10 between charging end or arrival and the flight allocation for aircraft 6 at MV.
10:21:33 INFO    Saved idle time 00:00:30 between charging end or arrival and the flight allocation for aircraft 4 at SFO.
10:23:38 INFO    Saved idle time 00:00:30 between charging end or arrival and the flight allocation for aircraft 5 at SFO.
10:24:38 INFO    Saved idle time of 00:00:30 between arrival and charging for aircraft 3 at MV_PARK11.
10:25:46 INFO    Saved idle time 00:00:30 between charging end or arrival and the flight allocation for aircraft 8 at SFO.
10:29:03 INFO    Saved idle time 00:53:28 between charging end or arrival and the flight allocation for aircraft 7 at MV.
10:31:31 INFO    Saved idle time 00:02:01 between charging end or arrival and the flight allocation for aircraft 6 at SFO.
10:35:42 INFO    Saved idle time 00:47:20 between charging end or arrival and the flight allocation for aircraft 9 at MV.
10:36:23 INFO    Saved idle time 00:34:48 between charging end or arrival and the flight allocation for aircraft 10 at MV.
10:38:31 INFO    Saved idle time 00:25:05 between charging end or arrival and the flight allocation for aircraft 11 at MV.
10:39:11 INFO    Saved idle time of 00:00:30 between arrival and charging for aircraft 4 at MV_PARK14.
10:41:06 INFO    Saved idle time of 00:00:30 between arrival and charging for aircraft 5 at MV_PARK17.
10:42:27 INFO    Saved idle time 00:00:29 between charging end or arrival and the flight allocation for aircraft 7 at SFO.
10:43:00 INFO    Saved idle time of 00:00:29 between arrival and charging for aircraft 8 at MV_PARK13.
10:46:59 INFO    Saved idle time 00:25:08 between charging end or arrival and the flight allocation for aircraft 0 at MV.
10:49:07 INFO    Saved idle time 00:00:30 between charging end or arrival and the flight allocation for aircraft 9 at SFO.
10:49:39 INFO    Saved idle time of 00:00:30 between arrival and charging for aircraft 6 at MV_PARK15.
10:51:47 INFO    Saved idle time 00:01:04 between charging end or arrival and the flight allocation for aircraft 10 at SFO.
10:54:12 INFO    Saved idle time 00:28:08 between charging end or arrival and the flight allocation for aircraft 1 at MV.
10:55:08 INFO    Saved idle time 00:02:17 between charging end or arrival and the flight allocation for aircraft 11 at SFO.
10:57:51 INFO    Saved idle time of 00:00:29 between arrival and charging for aircraft 7 at MV_PARK12.
11:04:31 INFO    Saved idle time 00:34:27 between charging end or arrival and the flight allocation for aircraft 12 at MV.
11:04:38 INFO    Saved idle time 00:04:44 between charging end or arrival and the flight allocation for aircraft 0 at SFO.
11:07:11 INFO    Saved idle time of 00:00:30 between arrival and charging for aircraft 9 at MV_PARK16.
11:07:52 INFO    Saved idle time 00:36:39 between charging end or arrival and the flight allocation for aircraft 2 at MV.
11:09:13 INFO    Saved idle time 00:00:52 between charging end or arrival and the flight allocation for aircraft 1 at SFO.
11:12:33 INFO    Saved idle time of 00:00:30 between arrival and charging for aircraft 10 at MV_PARK18.
11:13:44 INFO    Saved idle time 00:29:34 between charging end or arrival and the flight allocation for aircraft 3 at MV.
11:16:06 INFO    Saved idle time 00:20:03 between charging end or arrival and the flight allocation for aircraft 5 at MV.
11:16:25 INFO    Saved idle time of 00:00:30 between arrival and charging for aircraft 11 at MV_PARK11.
11:17:56 INFO    Saved idle time 00:00:30 between charging end or arrival and the flight allocation for aircraft 12 at SFO.
11:20:03 INFO    Saved idle time of 00:00:30 between arrival and charging for aircraft 0 at MV_PARK17.
11:23:17 INFO    Saved idle time 00:00:30 between charging end or arrival and the flight allocation for aircraft 2 at SFO.
11:27:30 INFO    Saved idle time 00:00:29 between charging end or arrival and the flight allocation for aircraft 3 at SFO.
11:28:52 INFO    Saved idle time 00:30:45 between charging end or arrival and the flight allocation for aircraft 4 at MV.
11:29:31 INFO    Saved idle time 00:00:30 between charging end or arrival and the flight allocation for aircraft 5 at SFO.
11:30:40 INFO    Saved idle time 00:28:08 between charging end or arrival and the flight allocation for aircraft 8 at MV.
11:31:32 INFO    Saved idle time of 00:00:30 between arrival and charging for aircraft 1 at MV_PARK14.
11:33:42 INFO    Saved idle time of 00:00:29 between arrival and charging for aircraft 12 at MV_PARK13.
11:38:43 INFO    Saved idle time 00:34:08 between charging end or arrival and the flight allocation for aircraft 6 at MV.
11:40:14 INFO    Saved idle time 00:27:46 between charging end or arrival and the flight allocation for aircraft 7 at MV.
11:42:16 INFO    Saved idle time 00:00:29 between charging end or arrival and the flight allocation for aircraft 4 at SFO.
11:42:19 INFO    Saved idle time 00:20:12 between charging end or arrival and the flight allocation for aircraft 9 at MV.
11:42:26 INFO    Saved idle time of 00:00:30 between arrival and charging for aircraft 2 at MV_PARK15.
11:44:26 INFO    Saved idle time 00:00:30 between charging end or arrival and the flight allocation for aircraft 8 at SFO.
11:44:31 INFO    Saved idle time of 00:00:29 between arrival and charging for aircraft 3 at MV_PARK12.
11:46:27 INFO    Saved idle time of 00:00:30 between arrival and charging for aircraft 5 at MV_PARK16.
11:49:20 INFO    Saved idle time 00:22:31 between charging end or arrival and the flight allocation for aircraft 10 at MV.
11:52:08 INFO    Saved idle time 00:00:30 between charging end or arrival and the flight allocation for aircraft 6 at SFO.
11:54:13 INFO    Saved idle time 00:00:30 between charging end or arrival and the flight allocation for aircraft 7 at SFO.
11:54:23 INFO    Saved idle time 00:22:43 between charging end or arrival and the flight allocation for aircraft 11 at MV.
11:56:21 INFO    Saved idle time 00:00:30 between charging end or arrival and the flight allocation for aircraft 9 at SFO.
11:57:41 INFO    Saved idle time of 00:00:30 between arrival and charging for aircraft 4 at MV_PARK18.
11:59:51 INFO    Saved idle time of 00:00:30 between arrival and charging for aircraft 8 at MV_PARK11.
12:01:56 INFO    Saved idle time 00:26:56 between charging end or arrival and the flight allocation for aircraft 0 at MV.
12:02:45 INFO    Saved idle time 00:00:30 between charging end or arrival and the flight allocation for aircraft 10 at SFO.
12:07:33 INFO    Saved idle time of 00:00:30 between arrival and charging for aircraft 6 at MV_PARK17.
12:07:53 INFO    Saved idle time 00:00:35 between charging end or arrival and the flight allocation for aircraft 11 at SFO.
12:09:06 INFO    Saved idle time 00:22:37 between charging end or arrival and the flight allocation for aircraft 1 at MV.
12:11:46 INFO    Saved idle time of 00:00:30 between arrival and charging for aircraft 7 at MV_PARK14.
12:13:27 INFO    Saved idle time 00:25:29 between charging end or arrival and the flight allocation for aircraft 12 at MV.
12:15:21 INFO    Saved idle time 00:00:30 between charging end or arrival and the flight allocation for aircraft 0 at SFO.
12:16:07 INFO    Saved idle time of 00:00:29 between arrival and charging for aircraft 9 at MV_PARK13.
12:16:48 INFO    Saved idle time 00:16:42 between charging end or arrival and the flight allocation for aircraft 3 at MV.
12:19:28 INFO    Saved idle time of 00:00:29 between arrival and charging for aircraft 10 at MV_PARK12.
12:22:30 INFO    Saved idle time 00:00:29 between charging end or arrival and the flight allocation for aircraft 1 at SFO.
12:22:49 INFO    Saved idle time 00:21:27 between charging end or arrival and the flight allocation for aircraft 2 at MV.
12:25:29 INFO    Saved idle time of 00:00:30 between arrival and charging for aircraft 11 at MV_PARK15.
12:26:52 INFO    Saved idle time 00:00:30 between charging end or arrival and the flight allocation for aircraft 12 at SFO.
12:30:20 INFO    Saved idle time 00:28:18 between charging end or arrival and the flight allocation for aircraft 5 at MV.
12:31:05 INFO    Saved idle time 00:00:30 between charging end or arrival and the flight allocation for aircraft 3 at SFO.
12:33:01 INFO    Saved idle time of 00:00:30 between arrival and charging for aircraft 0 at MV_PARK16.
12:35:22 INFO    Saved idle time 00:22:45 between charging end or arrival and the flight allocation for aircraft 4 at MV.
12:36:14 INFO    Saved idle time 00:00:30 between charging end or arrival and the flight allocation for aircraft 2 at SFO.
12:38:02 INFO    Saved idle time of 00:00:30 between arrival and charging for aircraft 1 at MV_PARK18.
12:39:21 INFO    Saved idle time 00:25:34 between charging end or arrival and the flight allocation for aircraft 8 at MV.
12:42:17 INFO    Saved idle time of 00:00:30 between arrival and charging for aircraft 12 at MV_PARK11.
12:43:45 INFO    Saved idle time 00:00:30 between charging end or arrival and the flight allocation for aircraft 5 at SFO.
12:44:53 INFO    Saved idle time 00:22:24 between charging end or arrival and the flight allocation for aircraft 6 at MV.
12:47:34 INFO    Saved idle time of 00:00:30 between arrival and charging for aircraft 3 at MV_PARK17.
12:48:52 INFO    Saved idle time 00:00:36 between charging end or arrival and the flight allocation for aircraft 4 at SFO.
12:49:59 INFO    Saved idle time 00:24:17 between charging end or arrival and the flight allocation for aircraft 7 at MV.
12:52:40 INFO    Saved idle time of 00:00:30 between arrival and charging for aircraft 2 at MV_PARK14.
12:54:29 INFO    Saved idle time 00:01:54 between charging end or arrival and the flight allocation for aircraft 8 at SFO.
12:57:31 INFO    Saved idle time 00:26:08 between charging end or arrival and the flight allocation for aircraft 9 at MV.
12:58:42 INFO    Saved idle time 00:00:30 between charging end or arrival and the flight allocation for aircraft 6 at SFO.
13:00:11 INFO    Saved idle time of 00:00:29 between arrival and charging for aircraft 5 at MV_PARK13.
13:00:27 INFO    Saved idle time 00:26:03 between charging end or arrival and the flight allocation for aircraft 10 at MV.
13:03:24 INFO    Saved idle time 00:00:29 between charging end or arrival and the flight allocation for aircraft 7 at SFO.
13:04:17 INFO    Saved idle time of 00:00:29 between arrival and charging for aircraft 4 at MV_PARK12.
13:10:11 INFO    Saved idle time 00:29:45 between charging end or arrival and the flight allocation for aircraft 11 at MV.
13:10:55 INFO    Saved idle time 00:00:30 between charging end or arrival and the flight allocation for aircraft 9 at SFO.
13:11:26 INFO    Saved idle time 00:23:29 between charging end or arrival and the flight allocation for aircraft 0 at MV.
13:13:39 INFO    Saved idle time of 00:00:30 between arrival and charging for aircraft 8 at MV_PARK15.
13:13:52 INFO    Saved idle time 00:00:30 between charging end or arrival and the flight allocation for aircraft 10 at SFO.
13:15:34 INFO    Saved idle time of 00:00:30 between arrival and charging for aircraft 6 at MV_PARK16.
13:16:38 INFO    Saved idle time 00:23:59 between charging end or arrival and the flight allocation for aircraft 1 at MV.
13:19:19 INFO    Saved idle time of 00:00:30 between arrival and charging for aircraft 7 at MV_PARK18.
13:23:36 INFO    Saved idle time 00:00:30 between charging end or arrival and the flight allocation for aircraft 11 at SFO.
13:25:41 INFO    Saved idle time 00:00:30 between charging end or arrival and the flight allocation for aircraft 0 at SFO.
13:26:15 INFO    Saved idle time 00:29:02 between charging end or arrival and the flight allocation for aircraft 12 at MV.
13:26:36 INFO    Saved idle time 00:24:06 between charging end or arrival and the flight allocation for aircraft 3 at MV.
13:29:30 INFO    Saved idle time 00:21:54 between charging end or arrival and the flight allocation for aircraft 2 at MV.
13:29:43 INFO    Saved idle time of 00:00:30 between arrival and charging for aircraft 9 at MV_PARK11.
13:30:03 INFO    Saved idle time 00:00:30 between charging end or arrival and the flight allocation for aircraft 1 at SFO.
13:31:43 INFO    Saved idle time of 00:00:30 between arrival and charging for aircraft 10 at MV_PARK17.
13:36:55 INFO    Saved idle time 00:21:48 between charging end or arrival and the flight allocation for aircraft 5 at MV.
13:39:07 INFO    Saved idle time of 00:00:30 between arrival and charging for aircraft 11 at MV_PARK14.
13:39:39 INFO    Saved idle time 00:00:29 between charging end or arrival and the flight allocation for aircraft 12 at SFO.
13:41:05 INFO    Saved idle time of 00:00:29 between arrival and charging for aircraft 0 at MV_PARK13.
13:41:45 INFO    Saved idle time 00:00:30 between charging end or arrival and the flight allocation for aircraft 3 at SFO.
13:43:51 INFO    Saved idle time 00:00:29 between charging end or arrival and the flight allocation for aircraft 2 at SFO.
13:47:38 INFO    Saved idle time 00:28:25 between charging end or arrival and the flight allocation for aircraft 4 at MV.
13:50:18 INFO    Saved idle time of 00:00:29 between arrival and charging for aircraft 1 at MV_PARK12.
13:50:19 INFO    Saved idle time 00:00:30 between charging end or arrival and the flight allocation for aircraft 5 at SFO.
13:54:08 INFO    Saved idle time 00:25:33 between charging end or arrival and the flight allocation for aircraft 8 at MV.
13:54:29 INFO    Saved idle time 00:23:20 between charging end or arrival and the flight allocation for aircraft 6 at MV.
13:55:16 INFO    Saved idle time 00:21:01 between charging end or arrival and the flight allocation for aircraft 7 at MV.
13:56:35 INFO    Saved idle time 00:11:56 between charging end or arrival and the flight allocation for aircraft 9 at MV.
13:56:35 INFO    Saved idle time 00:08:58 between charging end or arrival and the flight allocation for aircraft 10 at MV.
13:58:50 INFO    Saved idle time 00:04:46 between charging end or arrival and the flight allocation for aircraft 11 at MV.
13:58:52 INFO    Saved idle time of 00:00:30 between arrival and charging for aircraft 12 at MV_PARK15.
14:01:03 INFO    Saved idle time 00:00:30 between charging end or arrival and the flight allocation for aircraft 4 at SFO.
14:03:04 INFO    Saved idle time 00:08:03 between charging end or arrival and the flight allocation for aircraft 0 at MV.
14:03:06 INFO    Saved idle time of 00:00:30 between arrival and charging for aircraft 3 at MV_PARK16.
14:05:16 INFO    Saved idle time of 00:00:30 between arrival and charging for aircraft 2 at MV_PARK18.
14:07:11 INFO    Saved idle time of 00:00:30 between arrival and charging for aircraft 5 at MV_PARK11.
14:07:33 INFO    Saved idle time 00:00:30 between charging end or arrival and the flight allocation for aircraft 8 at SFO.
14:09:38 INFO    Saved idle time 00:00:30 between charging end or arrival and the flight allocation for aircraft 6 at SFO.
14:11:46 INFO    Saved idle time 00:00:30 between charging end or arrival and the flight allocation for aircraft 7 at SFO.
14:12:55 INFO    Saved idle time 00:07:40 between charging end or arrival and the flight allocation for aircraft 1 at MV.
14:13:51 INFO    Saved idle time 00:00:29 between charging end or arrival and the flight allocation for aircraft 9 at SFO.
14:15:59 INFO    Saved idle time 00:00:30 between charging end or arrival and the flight allocation for aircraft 10 at SFO.
14:16:28 INFO    Saved idle time of 00:00:30 between arrival and charging for aircraft 4 at MV_PARK17.
14:17:08 INFO    Saved idle time 00:03:20 between charging end or arrival and the flight allocation for aircraft 12 at MV.
14:18:03 INFO    Saved idle time 00:00:29 between charging end or arrival and the flight allocation for aircraft 11 at SFO.
14:20:12 INFO    Saved idle time 00:00:30 between charging end or arrival and the flight allocation for aircraft 0 at SFO.
14:22:58 INFO    Saved idle time of 00:00:30 between arrival and charging for aircraft 8 at MV_PARK14.
14:25:03 INFO    Saved idle time of 00:00:29 between arrival and charging for aircraft 6 at MV_PARK13.
14:26:19 INFO    Saved idle time 00:00:30 between charging end or arrival and the flight allocation for aircraft 1 at SFO.
14:27:11 INFO    Saved idle time of 00:00:29 between arrival and charging for aircraft 7 at MV_PARK12.
14:29:16 INFO    Saved idle time of 00:00:30 between arrival and charging for aircraft 9 at MV_PARK15.
14:29:28 INFO    Saved idle time 00:11:26 between charging end or arrival and the flight allocation for aircraft 3 at MV.
14:30:33 INFO    Saved idle time 00:00:30 between charging end or arrival and the flight allocation for aircraft 12 at SFO.
14:30:49 INFO    Saved idle time 00:08:42 between charging end or arrival and the flight allocation for aircraft 2 at MV.
14:32:57 INFO    Saved idle time 00:10:10 between charging end or arrival and the flight allocation for aircraft 5 at MV.
14:33:02 INFO    Saved idle time of 00:00:30 between arrival and charging for aircraft 10 at MV_PARK16.
14:35:10 INFO    Saved idle time of 00:00:30 between arrival and charging for aircraft 11 at MV_PARK18.
14:37:05 INFO    Saved idle time of 00:00:30 between arrival and charging for aircraft 0 at MV_PARK11.
14:39:03 INFO    Saved idle time 00:07:39 between charging end or arrival and the flight allocation for aircraft 4 at MV.
14:41:44 INFO    Saved idle time of 00:00:30 between arrival and charging for aircraft 1 at MV_PARK17.
14:42:53 INFO    Saved idle time 00:00:30 between charging end or arrival and the flight allocation for aircraft 3 at SFO.
14:43:47 INFO    Saved idle time 00:05:52 between charging end or arrival and the flight allocation for aircraft 8 at MV.
14:44:58 INFO    Saved idle time 00:00:30 between charging end or arrival and the flight allocation for aircraft 2 at SFO.
14:46:27 INFO    Saved idle time of 00:00:30 between arrival and charging for aircraft 12 at MV_PARK14.
14:47:06 INFO    Saved idle time 00:00:29 between charging end or arrival and the flight allocation for aircraft 5 at SFO.
14:49:22 INFO    Saved idle time 00:10:23 between charging end or arrival and the flight allocation for aircraft 6 at MV.
14:52:28 INFO    Saved idle time 00:00:30 between charging end or arrival and the flight allocation for aircraft 4 at SFO.
14:52:43 INFO    Saved idle time 00:10:37 between charging end or arrival and the flight allocation for aircraft 7 at MV.
14:57:11 INFO    Saved idle time 00:00:29 between charging end or arrival and the flight allocation for aircraft 8 at SFO.
14:58:18 INFO    Saved idle time of 00:00:29 between arrival and charging for aircraft 3 at MV_PARK13.
14:59:37 INFO    Saved idle time 00:16:04 between charging end or arrival and the flight allocation for aircraft 9 at MV.
15:00:23 INFO    Saved idle time of 00:00:29 between arrival and charging for aircraft 2 at MV_PARK12.
15:02:33 INFO    Saved idle time of 00:00:30 between arrival and charging for aircraft 5 at MV_PARK15.
15:02:47 INFO    Saved idle time 00:00:30 between charging end or arrival and the flight allocation for aircraft 6 at SFO.
15:03:30 INFO    Saved idle time 00:16:53 between charging end or arrival and the flight allocation for aircraft 10 at MV.
15:06:57 INFO    Saved idle time 00:16:12 between charging end or arrival and the flight allocation for aircraft 11 at MV.
15:07:00 INFO    Saved idle time 00:00:30 between charging end or arrival and the flight allocation for aircraft 7 at SFO.
15:07:53 INFO    Saved idle time of 00:00:30 between arrival and charging for aircraft 4 at MV_PARK16.
15:09:38 INFO    Saved idle time 00:18:17 between charging end or arrival and the flight allocation for aircraft 0 at MV.
15:12:35 INFO    Saved idle time of 00:00:30 between arrival and charging for aircraft 8 at MV_PARK18.
15:12:44 INFO    Saved idle time 00:16:03 between charging end or arrival and the flight allocation for aircraft 1 at MV.
15:13:18 INFO    Saved idle time 00:00:30 between charging end or arrival and the flight allocation for aircraft 9 at SFO.
15:14:14 INFO    Saved idle time 00:12:51 between charging end or arrival and the flight allocation for aircraft 12 at MV.
15:16:21 INFO    Saved idle time 00:03:07 between charging end or arrival and the flight allocation for aircraft 3 at MV.
15:17:31 INFO    Saved idle time 00:00:30 between charging end or arrival and the flight allocation for aircraft 10 at SFO.
15:18:15 INFO    Saved idle time 00:04:17 between charging end or arrival and the flight allocation for aircraft 2 at MV.
15:18:34 INFO    Saved idle time of 00:00:30 between arrival and charging for aircraft 6 at MV_PARK11.
15:21:07 INFO    Saved idle time 00:04:38 between charging end or arrival and the flight allocation for aircraft 5 at MV.
15:21:44 INFO    Saved idle time 00:00:30 between charging end or arrival and the flight allocation for aircraft 11 at SFO.
15:22:49 INFO    Saved idle time 00:00:00 between charging end or arrival and the flight allocation for aircraft 4 at MV.
15:23:20 INFO    Saved idle time of 00:00:30 between arrival and charging for aircraft 7 at MV_PARK17.
15:23:38 INFO    Saved idle time 00:00:29 between charging end or arrival and the flight allocation for aircraft 0 at SFO.
15:26:09 INFO    Saved idle time 00:00:30 between charging end or arrival and the flight allocation for aircraft 1 at SFO.
15:27:31 INFO    Saved idle time 00:00:00 between charging end or arrival and the flight allocation for aircraft 8 at MV.
15:28:13 INFO    Saved idle time 00:00:29 between charging end or arrival and the flight allocation for aircraft 12 at SFO.
15:29:44 INFO    Saved idle time 00:00:30 between charging end or arrival and the flight allocation for aircraft 9 at MV.
15:30:22 INFO    Saved idle time 00:00:30 between charging end or arrival and the flight allocation for aircraft 3 at SFO.
15:32:26 INFO    Saved idle time 00:00:30 between charging end or arrival and the flight allocation for aircraft 2 at SFO.
15:33:29 INFO    Saved idle time 00:00:00 between charging end or arrival and the flight allocation for aircraft 6 at MV.
15:33:57 INFO    Saved idle time of 00:00:29 between arrival and charging for aircraft 10 at MV_PARK13.
15:34:35 INFO    Saved idle time 00:00:30 between charging end or arrival and the flight allocation for aircraft 5 at SFO.
15:36:39 INFO    Saved idle time 00:00:30 between charging end or arrival and the flight allocation for aircraft 4 at SFO.
15:37:08 INFO    Saved idle time 00:00:29 between charging end or arrival and the flight allocation for aircraft 11 at MV.
15:38:16 INFO    Saved idle time 00:00:00 between charging end or arrival and the flight allocation for aircraft 7 at MV.
15:40:29 INFO    Saved idle time of 00:00:30 between arrival and charging for aircraft 0 at MV_PARK15.
15:40:56 INFO    Saved idle time 00:00:30 between charging end or arrival and the flight allocation for aircraft 8 at SFO.
15:42:24 INFO    Saved idle time 00:00:30 between charging end or arrival and the flight allocation for aircraft 1 at MV.
15:44:19 INFO    Saved idle time 00:00:30 between charging end or arrival and the flight allocation for aircraft 12 at MV.
15:45:09 INFO    Saved idle time 00:00:29 between charging end or arrival and the flight allocation for aircraft 9 at SFO.
15:46:37 INFO    Saved idle time 00:00:30 between charging end or arrival and the flight allocation for aircraft 3 at MV.
15:47:14 INFO    Saved idle time 00:00:30 between charging end or arrival and the flight allocation for aircraft 6 at SFO.
15:48:32 INFO    Saved idle time 00:00:30 between charging end or arrival and the flight allocation for aircraft 2 at MV.
15:49:24 INFO    Saved idle time 00:00:31 between charging end or arrival and the flight allocation for aircraft 10 at MV.
15:51:40 INFO    Saved idle time 00:00:29 between charging end or arrival and the flight allocation for aircraft 7 at SFO.
15:52:05 INFO    Saved idle time of 00:00:30 between arrival and charging for aircraft 5 at MV_PARK17.
15:53:46 INFO    Saved idle time 00:00:30 between charging end or arrival and the flight allocation for aircraft 11 at SFO.
15:53:59 INFO    Saved idle time 00:00:29 between charging end or arrival and the flight allocation for aircraft 4 at MV.
15:56:21 INFO    Saved idle time of 00:00:30 between arrival and charging for aircraft 8 at MV_PARK16.
15:57:33 INFO    Saved idle time 00:01:49 between charging end or arrival and the flight allocation for aircraft 0 at MV.
15:57:59 INFO    Saved idle time 00:00:30 between charging end or arrival and the flight allocation for aircraft 1 at SFO.
15:59:54 INFO    Saved idle time 00:00:30 between charging end or arrival and the flight allocation for aircraft 12 at SFO.
16:00:33 INFO    Saved idle time of 00:00:30 between arrival and charging for aircraft 9 at MV_PARK18.
16:02:12 INFO    Saved idle time 00:00:30 between charging end or arrival and the flight allocation for aircraft 3 at SFO.
16:02:39 INFO    Saved idle time 00:00:30 between charging end or arrival and the flight allocation for aircraft 6 at MV.
16:04:07 INFO    Saved idle time 00:00:30 between charging end or arrival and the flight allocation for aircraft 10 at SFO.
16:06:24 INFO    Saved idle time 00:00:29 between charging end or arrival and the flight allocation for aircraft 2 at SFO.
16:07:04 INFO    Saved idle time 00:00:29 between charging end or arrival and the flight allocation for aircraft 7 at MV.
16:07:20 INFO    Saved idle time 00:00:00 between charging end or arrival and the flight allocation for aircraft 5 at MV.
16:09:33 INFO    Saved idle time of 00:00:30 between arrival and charging for aircraft 11 at MV_PARK11.
16:10:37 INFO    Saved idle time 00:00:30 between charging end or arrival and the flight allocation for aircraft 4 at SFO.
16:11:17 INFO    Saved idle time 00:00:00 between charging end or arrival and the flight allocation for aircraft 8 at MV.
16:12:31 INFO    Saved idle time 00:00:29 between charging end or arrival and the flight allocation for aircraft 0 at SFO.
16:13:29 INFO    Saved idle time of 00:00:29 between arrival and charging for aircraft 1 at MV_PARK12.
16:15:29 INFO    Saved idle time of 00:00:30 between arrival and charging for aircraft 12 at MV_PARK15.
16:17:37 INFO    Saved idle time of 00:00:30 between arrival and charging for aircraft 3 at MV_PARK14.
16:18:04 INFO    Saved idle time 00:00:30 between charging end or arrival and the flight allocation for aircraft 6 at SFO.
16:19:42 INFO    Saved idle time 00:00:30 between charging end or arrival and the flight allocation for aircraft 10 at MV.
16:20:45 INFO    Saved idle time 00:00:30 between charging end or arrival and the flight allocation for aircraft 5 at SFO.
16:21:48 INFO    Saved idle time of 00:00:29 between arrival and charging for aircraft 2 at MV_PARK13.
16:22:50 INFO    Saved idle time 00:00:30 between charging end or arrival and the flight allocation for aircraft 7 at SFO.
16:23:32 INFO    Saved idle time 00:00:00 between charging end or arrival and the flight allocation for aircraft 9 at MV.
16:24:58 INFO    Saved idle time 00:00:30 between charging end or arrival and the flight allocation for aircraft 8 at SFO.
16:26:02 INFO    Saved idle time of 00:00:30 between arrival and charging for aircraft 4 at MV_PARK16.
16:28:07 INFO    Saved idle time 00:00:30 between charging end or arrival and the flight allocation for aircraft 0 at MV.
16:32:31 INFO    Saved idle time 00:00:00 between charging end or arrival and the flight allocation for aircraft 11 at MV.
16:34:44 INFO    Saved idle time of 00:00:30 between arrival and charging for aircraft 6 at MV_PARK18.
16:35:07 INFO    Saved idle time 00:00:30 between charging end or arrival and the flight allocation for aircraft 10 at SFO.
16:36:28 INFO    Saved idle time 00:00:00 between charging end or arrival and the flight allocation for aircraft 1 at MV.
16:36:39 INFO    Saved idle time 00:00:30 between charging end or arrival and the flight allocation for aircraft 5 at MV.
16:37:11 INFO    Saved idle time 00:00:29 between charging end or arrival and the flight allocation for aircraft 9 at SFO.
16:38:27 INFO    Saved idle time 00:00:00 between charging end or arrival and the flight allocation for aircraft 12 at MV.
16:38:40 INFO    Saved idle time of 00:00:30 between arrival and charging for aircraft 7 at MV_PARK11.
16:40:35 INFO    Saved idle time 00:00:00 between charging end or arrival and the flight allocation for aircraft 3 at MV.
16:41:55 INFO    Saved idle time 00:00:29 between charging end or arrival and the flight allocation for aircraft 8 at MV.
16:43:32 INFO    Saved idle time 00:00:30 between charging end or arrival and the flight allocation for aircraft 0 at SFO.
16:44:47 INFO    Saved idle time 00:00:00 between charging end or arrival and the flight allocation for aircraft 2 at MV.
16:45:56 INFO    Saved idle time 00:00:29 between charging end or arrival and the flight allocation for aircraft 11 at SFO.
16:49:00 INFO    Saved idle time 00:00:00 between charging end or arrival and the flight allocation for aircraft 4 at MV.
16:50:08 INFO    Saved idle time 00:00:30 between charging end or arrival and the flight allocation for aircraft 1 at SFO.
16:51:13 INFO    Saved idle time of 00:00:30 between arrival and charging for aircraft 10 at MV_PARK15.
16:52:03 INFO    Saved idle time 00:00:30 between charging end or arrival and the flight allocation for aircraft 12 at SFO.
16:53:08 INFO    Saved idle time 00:00:30 between charging end or arrival and the flight allocation for aircraft 9 at MV.
16:54:21 INFO    Saved idle time 00:00:30 between charging end or arrival and the flight allocation for aircraft 5 at SFO.
16:56:16 INFO    Saved idle time 00:00:30 between charging end or arrival and the flight allocation for aircraft 3 at SFO.
16:57:43 INFO    Saved idle time 00:00:00 between charging end or arrival and the flight allocation for aircraft 6 at MV.
16:58:34 INFO    Saved idle time 00:00:30 between charging end or arrival and the flight allocation for aircraft 8 at SFO.
16:59:56 INFO    Saved idle time of 00:00:30 between arrival and charging for aircraft 0 at MV_PARK14.
17:00:29 INFO    Saved idle time 00:00:29 between charging end or arrival and the flight allocation for aircraft 2 at SFO.
17:01:39 INFO    Saved idle time 00:00:00 between charging end or arrival and the flight allocation for aircraft 7 at MV.
17:01:50 INFO    Saved idle time 00:00:29 between charging end or arrival and the flight allocation for aircraft 11 at MV.
17:02:47 INFO    Saved idle time 00:00:30 between charging end or arrival and the flight allocation for aircraft 4 at SFO.
17:06:02 INFO    Saved idle time 00:00:29 between charging end or arrival and the flight allocation for aircraft 1 at MV.
17:07:58 INFO    Saved idle time 00:00:30 between charging end or arrival and the flight allocation for aircraft 12 at MV.
17:08:33 INFO    Saved idle time 00:00:29 between charging end or arrival and the flight allocation for aircraft 9 at SFO.
17:10:15 INFO    Saved idle time of 00:00:30 between arrival and charging for aircraft 5 at MV_PARK17.
17:11:08 INFO    Saved idle time 00:00:30 between charging end or arrival and the flight allocation for aircraft 6 at SFO.
17:12:11 INFO    Saved idle time 00:00:30 between charging end or arrival and the flight allocation for aircraft 3 at MV.
17:14:06 INFO    Saved idle time of 00:00:30 between arrival and charging for aircraft 8 at MV_PARK11.
17:14:12 INFO    Saved idle time of 00:00:00 between arrival and charging for aircraft 10 at MV_PARK15.
17:15:21 INFO    Saved idle time 00:00:30 between charging end or arrival and the flight allocation for aircraft 7 at SFO.
17:16:23 INFO    Saved idle time 00:00:29 between charging end or arrival and the flight allocation for aircraft 2 at MV.
17:17:16 INFO    Saved idle time 00:00:30 between charging end or arrival and the flight allocation for aircraft 11 at SFO.
17:18:18 INFO    Saved idle time 00:00:29 between charging end or arrival and the flight allocation for aircraft 4 at MV.
17:21:29 INFO    Saved idle time 00:00:30 between charging end or arrival and the flight allocation for aircraft 1 at SFO.
17:22:54 INFO    Saved idle time 00:00:00 between charging end or arrival and the flight allocation for aircraft 0 at MV.
17:23:32 INFO    Saved idle time 00:00:30 between charging end or arrival and the flight allocation for aircraft 12 at SFO.
17:25:07 INFO    Saved idle time of 00:00:30 between arrival and charging for aircraft 9 at MV_PARK16.
17:27:02 INFO    Saved idle time 00:00:30 between charging end or arrival and the flight allocation for aircraft 6 at MV.
17:27:44 INFO    Saved idle time 00:00:29 between charging end or arrival and the flight allocation for aircraft 3 at SFO.
17:31:15 INFO    Saved idle time 00:00:29 between charging end or arrival and the flight allocation for aircraft 7 at MV.
17:31:57 INFO    Saved idle time 00:00:30 between charging end or arrival and the flight allocation for aircraft 2 at SFO.
17:33:10 INFO    Saved idle time of 00:00:29 between arrival and charging for aircraft 11 at MV_PARK13.
17:33:13 INFO    Saved idle time 00:00:00 between charging end or arrival and the flight allocation for aircraft 5 at MV.
17:33:52 INFO    Saved idle time 00:00:29 between charging end or arrival and the flight allocation for aircraft 4 at SFO.
17:36:19 INFO    Saved idle time 00:00:30 between charging end or arrival and the flight allocation for aircraft 0 at SFO.
17:36:54 INFO    Saved idle time of 00:00:30 between arrival and charging for aircraft 1 at MV_PARK14.
17:37:04 INFO    Saved idle time 00:00:00 between charging end or arrival and the flight allocation for aircraft 8 at MV.
17:37:10 INFO    Saved idle time 00:00:00 between charging end or arrival and the flight allocation for aircraft 10 at MV.
17:40:33 INFO    Saved idle time of 00:00:30 between arrival and charging for aircraft 12 at MV_PARK18.
17:42:27 INFO    Saved idle time 00:00:30 between charging end or arrival and the flight allocation for aircraft 6 at SFO.
17:43:09 INFO    Saved idle time of 00:00:30 between arrival and charging for aircraft 3 at MV_PARK17.
17:46:40 INFO    Saved idle time 00:00:30 between charging end or arrival and the flight allocation for aircraft 5 at SFO.
17:47:21 INFO    Saved idle time of 00:00:29 between arrival and charging for aircraft 2 at MV_PARK12.
17:48:06 INFO    Saved idle time 00:00:00 between charging end or arrival and the flight allocation for aircraft 9 at MV.
17:48:43 INFO    Saved idle time of 00:00:30 between arrival and charging for aircraft 7 at SFO_PARK15.
17:50:19 INFO    Saved idle time of 00:00:30 between arrival and charging for aircraft 4 at MV_PARK11.
17:50:53 INFO    Saved idle time 00:00:30 between charging end or arrival and the flight allocation for aircraft 8 at SFO.
17:52:14 INFO    Saved idle time 00:00:30 between charging end or arrival and the flight allocation for aircraft 0 at MV.
17:52:53 INFO    Saved idle time of 00:00:29 between arrival and charging for aircraft 10 at SFO_PARK13.
17:56:08 INFO    Saved idle time 00:00:00 between charging end or arrival and the flight allocation for aircraft 11 at MV.
17:58:21 INFO    Saved idle time of 00:00:30 between arrival and charging for aircraft 6 at MV_PARK16.
17:59:52 INFO    Saved idle time 00:00:00 between charging end or arrival and the flight allocation for aircraft 1 at MV.
18:01:31 INFO    Saved idle time 00:00:30 between charging end or arrival and the flight allocation for aircraft 9 at SFO.
18:02:05 INFO    Saved idle time 00:00:30 between charging end or arrival and the flight allocation for aircraft 5 at MV.
18:03:31 INFO    Saved idle time 00:00:00 between charging end or arrival and the flight allocation for aircraft 12 at MV.
18:06:07 INFO    Saved idle time 00:00:00 between charging end or arrival and the flight allocation for aircraft 3 at MV.
18:06:59 INFO    Saved idle time 00:00:29 between charging end or arrival and the flight allocation for aircraft 8 at MV.
18:07:38 INFO    Saved idle time 00:00:29 between charging end or arrival and the flight allocation for aircraft 0 at SFO.
18:08:51 INFO    Saved idle time 00:00:00 between charging end or arrival and the flight allocation for aircraft 7 at SFO.
18:09:44 INFO    Saved idle time 00:00:30 between charging end or arrival and the flight allocation for aircraft 11 at SFO.
18:10:32 INFO    Saved idle time 00:00:12 between charging end or arrival and the flight allocation for aircraft 2 at MV.
18:13:17 INFO    Saved idle time 00:00:00 between charging end or arrival and the flight allocation for aircraft 4 at MV.
18:13:57 INFO    Saved idle time 00:00:30 between charging end or arrival and the flight allocation for aircraft 1 at SFO.
18:15:51 INFO    Saved idle time of 00:00:00 between arrival and charging for aircraft 10 at SFO_PARK13.
18:16:56 INFO    Saved idle time of 00:00:30 between arrival and charging for aircraft 9 at MV_PARK14.
18:18:10 INFO    Saved idle time 00:00:30 between charging end or arrival and the flight allocation for aircraft 12 at SFO.
18:20:05 INFO    Saved idle time 00:00:30 between charging end or arrival and the flight allocation for aircraft 5 at SFO.
18:21:19 INFO    Saved idle time 00:00:00 between charging end or arrival and the flight allocation for aircraft 6 at MV.
18:22:23 INFO    Saved idle time 00:00:30 between charging end or arrival and the flight allocation for aircraft 3 at SFO.
18:23:32 INFO    Saved idle time 00:00:30 between charging end or arrival and the flight allocation for aircraft 7 at MV.
18:24:18 INFO    Saved idle time of 00:00:30 between arrival and charging for aircraft 8 at SFO_PARK15.
18:25:27 INFO    Saved idle time of 00:00:30 between arrival and charging for aircraft 0 at MV_PARK15.
18:26:35 INFO    Saved idle time 00:00:29 between charging end or arrival and the flight allocation for aircraft 2 at SFO.
18:27:45 INFO    Saved idle time 00:00:30 between charging end or arrival and the flight allocation for aircraft 11 at MV.
18:28:31 INFO    Saved idle time 00:00:30 between charging end or arrival and the flight allocation for aircraft 4 at SFO.
18:29:40 INFO    Saved idle time 00:00:29 between charging end or arrival and the flight allocation for aircraft 1 at MV.
18:31:52 INFO    Saved idle time 00:00:00 between charging end or arrival and the flight allocation for aircraft 9 at MV.
18:34:44 INFO    Saved idle time 00:00:30 between charging end or arrival and the flight allocation for aircraft 6 at SFO.
18:35:07 INFO    Saved idle time 00:00:29 between charging end or arrival and the flight allocation for aircraft 12 at MV.
18:37:03 INFO    Saved idle time of 00:00:30 between arrival and charging for aircraft 5 at MV_PARK11.
18:38:50 INFO    Saved idle time of 00:00:00 between arrival and charging for aircraft 10 at SFO_PARK13.
18:38:57 INFO    Saved idle time of 00:00:30 between arrival and charging for aircraft 7 at SFO_PARK17.
18:39:20 INFO    Saved idle time 00:00:30 between charging end or arrival and the flight allocation for aircraft 3 at MV.
18:42:00 INFO    Saved idle time 00:00:30 between charging end or arrival and the flight allocation for aircraft 2 at MV.
18:43:10 INFO    Saved idle time 00:00:30 between charging end or arrival and the flight allocation for aircraft 11 at SFO.
18:44:05 INFO    Saved idle time 00:00:30 between charging end or arrival and the flight allocation for aircraft 4 at MV.
18:44:43 INFO    Saved idle time 00:00:00 between charging end or arrival and the flight allocation for aircraft 8 at SFO.
18:45:15 INFO    Saved idle time of 00:00:30 between arrival and charging for aircraft 1 at SFO_PARK14.
18:48:13 INFO    Saved idle time 00:00:29 between charging end or arrival and the flight allocation for aircraft 9 at SFO.
18:48:26 INFO    Saved idle time 00:00:00 between charging end or arrival and the flight allocation for aircraft 0 at MV.
18:50:32 INFO    Saved idle time of 00:00:30 between arrival and charging for aircraft 12 at SFO_PARK11.
18:50:38 INFO    Saved idle time 00:00:29 between charging end or arrival and the flight allocation for aircraft 6 at MV.
18:53:53 INFO    Saved idle time 00:00:00 between charging end or arrival and the flight allocation for aircraft 7 at SFO.
18:56:06 INFO    Saved idle time of 00:00:30 between arrival and charging for aircraft 3 at SFO_PARK18.
18:58:01 INFO    Saved idle time 00:00:30 between charging end or arrival and the flight allocation for aircraft 2 at SFO.
18:58:10 INFO    Saved idle time 00:00:30 between charging end or arrival and the flight allocation for aircraft 8 at MV.
18:59:56 INFO    Saved idle time of 00:00:30 between arrival and charging for aircraft 4 at SFO_PARK16.
19:00:01 INFO    Saved idle time 00:00:00 between charging end or arrival and the flight allocation for aircraft 5 at MV.
19:00:14 INFO    Saved idle time of 00:00:29 between arrival and charging for aircraft 11 at MV_PARK12.
19:01:48 INFO    Saved idle time 00:00:00 between charging end or arrival and the flight allocation for aircraft 10 at SFO.
19:02:13 INFO    Saved idle time 00:00:29 between charging end or arrival and the flight allocation for aircraft 0 at SFO.
19:03:37 INFO    Saved idle time 00:00:30 between charging end or arrival and the flight allocation for aircraft 9 at MV.
19:05:23 INFO    Saved idle time 00:00:00 between charging end or arrival and the flight allocation for aircraft 1 at SFO.
19:06:26 INFO    Saved idle time of 00:00:30 between arrival and charging for aircraft 6 at SFO_PARK17.
19:07:50 INFO    Saved idle time 00:00:30 between charging end or arrival and the flight allocation for aircraft 7 at MV.
19:10:39 INFO    Saved idle time 00:00:00 between charging end or arrival and the flight allocation for aircraft 12 at SFO.
19:13:26 INFO    Saved idle time of 00:00:30 between arrival and charging for aircraft 2 at MV_PARK17.
19:13:26 INFO    Saved idle time 00:00:30 between charging end or arrival and the flight allocation for aircraft 5 at SFO.
19:15:31 INFO    Saved idle time of 00:00:29 between arrival and charging for aircraft 8 at SFO_PARK13.
19:15:31 INFO    Saved idle time 00:00:30 between charging end or arrival and the flight allocation for aircraft 10 at MV.
19:16:49 INFO    Saved idle time 00:00:00 between charging end or arrival and the flight allocation for aircraft 3 at SFO.
19:17:37 INFO    Saved idle time 00:00:29 between charging end or arrival and the flight allocation for aircraft 0 at MV.
19:19:02 INFO    Saved idle time of 00:00:29 between arrival and charging for aircraft 9 at SFO_PARK12.
19:20:39 INFO    Saved idle time 00:00:00 between charging end or arrival and the flight allocation for aircraft 4 at SFO.
19:20:57 INFO    Saved idle time 00:01:43 between charging end or arrival and the flight allocation for aircraft 1 at MV.
19:23:13 INFO    Saved idle time 00:00:00 between charging end or arrival and the flight allocation for aircraft 11 at MV.
19:23:15 INFO    Saved idle time of 00:00:30 between arrival and charging for aircraft 7 at SFO_PARK14.
19:25:10 INFO    Saved idle time 00:00:30 between charging end or arrival and the flight allocation for aircraft 12 at MV.
19:26:33 INFO    Saved idle time 00:00:00 between charging end or arrival and the flight allocation for aircraft 6 at SFO.
19:29:23 INFO    Saved idle time of 00:00:30 between arrival and charging for aircraft 5 at MV_PARK16.
19:30:26 INFO    Saved idle time 00:00:00 between charging end or arrival and the flight allocation for aircraft 8 at SFO.
19:30:56 INFO    Saved idle time 00:00:30 between charging end or arrival and the flight allocation for aircraft 10 at SFO.
19:33:02 INFO    Saved idle time of 00:00:30 between arrival and charging for aircraft 0 at SFO_PARK15.
19:33:19 INFO    Saved idle time 00:02:31 between charging end or arrival and the flight allocation for aircraft 3 at MV.
19:34:17 INFO    Saved idle time 00:00:43 between charging end or arrival and the flight allocation for aircraft 4 at MV.
19:36:22 INFO    Saved idle time of 00:00:30 between arrival and charging for aircraft 1 at SFO_PARK18.
19:38:11 INFO    Saved idle time 00:00:00 between charging end or arrival and the flight allocation for aircraft 7 at SFO.
19:38:27 INFO    Saved idle time 00:00:30 between charging end or arrival and the flight allocation for aircraft 11 at SFO.
19:39:09 INFO    Saved idle time 00:00:00 between charging end or arrival and the flight allocation for aircraft 9 at SFO.
19:41:39 INFO    Saved idle time 00:00:30 between charging end or arrival and the flight allocation for aircraft 12 at SFO.
19:41:50 INFO    Saved idle time 00:05:25 between charging end or arrival and the flight allocation for aircraft 2 at MV.
19:46:21 INFO    Saved idle time of 00:00:29 between arrival and charging for aircraft 10 at MV_PARK12.
19:48:05 INFO    Saved idle time 00:08:37 between charging end or arrival and the flight allocation for aircraft 6 at MV.
19:48:43 INFO    Saved idle time 00:00:29 between charging end or arrival and the flight allocation for aircraft 3 at SFO.
19:50:49 INFO    Saved idle time 00:00:30 between charging end or arrival and the flight allocation for aircraft 4 at SFO.
19:51:01 INFO    Saved idle time 00:07:27 between charging end or arrival and the flight allocation for aircraft 8 at MV.
19:51:18 INFO    Saved idle time 00:00:00 between charging end or arrival and the flight allocation for aircraft 1 at SFO.
19:53:06 INFO    Saved idle time 00:08:47 between charging end or arrival and the flight allocation for aircraft 5 at MV.
19:53:14 INFO    Saved idle time 00:00:05 between charging end or arrival and the flight allocation for aircraft 0 at SFO.
19:55:11 INFO    Saved idle time 00:03:23 between charging end or arrival and the flight allocation for aircraft 7 at MV.
19:58:09 INFO    Saved idle time 00:01:57 between charging end or arrival and the flight allocation for aircraft 2 at SFO.
19:59:24 INFO    Saved idle time of 00:00:30 between arrival and charging for aircraft 11 at MV_PARK15.
20:01:19 INFO    Saved idle time of 00:00:30 between arrival and charging for aircraft 12 at MV_PARK17.
20:02:01 INFO    Saved idle time 00:06:02 between charging end or arrival and the flight allocation for aircraft 9 at MV.
20:03:29 INFO    Saved idle time of 00:00:29 between arrival and charging for aircraft 6 at SFO_PARK12.
20:04:07 INFO    Saved idle time of 00:00:29 between arrival and charging for aircraft 3 at MV_PARK13.
20:06:26 INFO    Saved idle time of 00:00:30 between arrival and charging for aircraft 8 at SFO_PARK16.
20:08:18 INFO    Saved idle time of 00:00:30 between arrival and charging for aircraft 4 at MV_PARK16.
20:08:31 INFO    Saved idle time 00:00:30 between charging end or arrival and the flight allocation for aircraft 5 at SFO.
20:09:19 INFO    Saved idle time of 00:00:00 between arrival and charging for aircraft 10 at MV_PARK12.
20:09:45 INFO    Saved idle time 00:04:01 between charging end or arrival and the flight allocation for aircraft 1 at MV.
20:10:35 INFO    Saved idle time of 00:00:29 between arrival and charging for aircraft 7 at SFO_PARK13.
20:13:57 INFO    Saved idle time 00:04:05 between charging end or arrival and the flight allocation for aircraft 0 at MV.
20:13:58 INFO    Saved idle time of 00:00:30 between arrival and charging for aircraft 2 at MV_PARK18.
20:17:26 INFO    Saved idle time 00:00:30 between charging end or arrival and the flight allocation for aircraft 9 at SFO.
20:18:23 INFO    Saved idle time 00:03:05 between charging end or arrival and the flight allocation for aircraft 11 at MV.
20:18:25 INFO    Saved idle time 00:00:00 between charging end or arrival and the flight allocation for aircraft 6 at SFO.
20:20:41 INFO    Saved idle time 00:00:00 between charging end or arrival and the flight allocation for aircraft 8 at SFO.
20:23:56 INFO    Saved idle time of 00:00:30 between arrival and charging for aircraft 5 at MV_PARK11.
20:25:10 INFO    Saved idle time 00:00:30 between charging end or arrival and the flight allocation for aircraft 1 at SFO.
20:25:45 INFO    Saved idle time 00:03:06 between charging end or arrival and the flight allocation for aircraft 12 at MV.
20:27:44 INFO    Saved idle time 00:03:11 between charging end or arrival and the flight allocation for aircraft 3 at MV.
20:28:44 INFO    Saved idle time 00:03:32 between charging end or arrival and the flight allocation for aircraft 7 at SFO.
20:29:23 INFO    Saved idle time of 00:00:30 between arrival and charging for aircraft 0 at SFO_PARK15.
20:32:09 INFO    Saved idle time 00:03:44 between charging end or arrival and the flight allocation for aircraft 4 at MV.
20:33:19 INFO    Saved idle time 00:04:24 between charging end or arrival and the flight allocation for aircraft 2 at MV.
20:33:50 INFO    Saved idle time 00:02:32 between charging end or arrival and the flight allocation for aircraft 11 at SFO.
20:34:22 INFO    Saved idle time of 00:00:30 between arrival and charging for aircraft 9 at MV_PARK15.
20:37:55 INFO    Saved idle time 00:06:36 between charging end or arrival and the flight allocation for aircraft 6 at MV.
20:39:10 INFO    Saved idle time 00:00:30 between charging end or arrival and the flight allocation for aircraft 12 at SFO.
20:40:35 INFO    Saved idle time of 00:00:29 between arrival and charging for aircraft 1 at MV_PARK13.
20:40:39 INFO    Saved idle time 00:08:21 between charging end or arrival and the flight allocation for aircraft 10 at MV.
20:43:12 INFO    Saved idle time 00:07:24 between charging end or arrival and the flight allocation for aircraft 8 at MV.
20:45:32 INFO    Saved idle time 00:04:47 between charging end or arrival and the flight allocation for aircraft 3 at SFO.
20:47:19 INFO    Saved idle time 00:09:27 between charging end or arrival and the flight allocation for aircraft 5 at MV.
20:49:32 INFO    Saved idle time of 00:00:30 between arrival and charging for aircraft 11 at MV_PARK18.
20:52:54 INFO    Saved idle time 00:09:51 between charging end or arrival and the flight allocation for aircraft 7 at MV.
20:53:30 INFO    Saved idle time of 00:00:30 between arrival and charging for aircraft 6 at SFO_PARK11.
20:54:35 INFO    Saved idle time of 00:00:30 between arrival and charging for aircraft 12 at MV_PARK14.
20:55:34 INFO    Saved idle time of 00:00:29 between arrival and charging for aircraft 10 at SFO_PARK13.
20:55:46 INFO    Saved idle time 00:11:26 between charging end or arrival and the flight allocation for aircraft 0 at SFO.
20:57:31 INFO    Saved idle time 00:12:27 between charging end or arrival and the flight allocation for aircraft 4 at SFO.
20:58:37 INFO    Saved idle time of 00:00:30 between arrival and charging for aircraft 8 at SFO_PARK14.
21:00:37 INFO    Saved idle time 00:05:49 between charging end or arrival and the flight allocation for aircraft 9 at MV.
21:00:56 INFO    Saved idle time of 00:00:29 between arrival and charging for aircraft 3 at MV_PARK12.
21:02:25 INFO    Saved idle time 00:01:43 between charging end or arrival and the flight allocation for aircraft 1 at MV.
21:05:36 INFO    Saved idle time 00:01:08 between charging end or arrival and the flight allocation for aircraft 11 at MV.
21:07:08 INFO    Saved idle time 00:19:59 between charging end or arrival and the flight allocation for aircraft 2 at SFO.
21:08:18 INFO    Saved idle time of 00:00:29 between arrival and charging for aircraft 7 at SFO_PARK12.
21:11:45 INFO    Saved idle time 00:03:04 between charging end or arrival and the flight allocation for aircraft 0 at MV.
21:12:56 INFO    Saved idle time of 00:00:30 between arrival and charging for aircraft 4 at MV_PARK11.
21:14:21 INFO    Saved idle time 00:04:50 between charging end or arrival and the flight allocation for aircraft 12 at MV.
21:15:50 INFO    Saved idle time 00:14:36 between charging end or arrival and the flight allocation for aircraft 5 at SFO.
21:18:33 INFO    Saved idle time of 00:00:00 between arrival and charging for aircraft 10 at SFO_PARK13.
21:21:32 INFO    Saved idle time 00:13:06 between charging end or arrival and the flight allocation for aircraft 6 at SFO.
21:21:55 INFO    Saved idle time 00:06:03 between charging end or arrival and the flight allocation for aircraft 3 at MV.
21:22:33 INFO    Saved idle time of 00:00:30 between arrival and charging for aircraft 2 at MV_PARK16.
21:27:10 INFO    Saved idle time of 00:00:30 between arrival and charging for aircraft 0 at SFO_PARK17.
21:27:29 INFO    Saved idle time 00:13:56 between charging end or arrival and the flight allocation for aircraft 8 at SFO.
21:27:52 INFO    Saved idle time 00:00:00 between charging end or arrival and the flight allocation for aircraft 4 at MV.
21:31:15 INFO    Saved idle time 00:00:30 between charging end or arrival and the flight allocation for aircraft 5 at MV.
21:34:16 INFO    Saved idle time 00:20:44 between charging end or arrival and the flight allocation for aircraft 9 at SFO.
21:35:28 INFO    Saved idle time 00:00:29 between charging end or arrival and the flight allocation for aircraft 6 at MV.
21:38:39 INFO    Saved idle time 00:02:10 between charging end or arrival and the flight allocation for aircraft 2 at MV.
21:40:00 INFO    Saved idle time 00:24:23 between charging end or arrival and the flight allocation for aircraft 1 at SFO.
21:41:05 INFO    Saved idle time 00:00:39 between charging end or arrival and the flight allocation for aircraft 8 at MV.
21:44:35 INFO    Saved idle time 00:25:02 between charging end or arrival and the flight allocation for aircraft 11 at SFO.
21:46:40 INFO    Saved idle time of 00:00:30 between arrival and charging for aircraft 5 at SFO_PARK18.
21:49:41 INFO    Saved idle time 00:00:30 between charging end or arrival and the flight allocation for aircraft 9 at MV.
21:50:52 INFO    Saved idle time of 00:00:30 between arrival and charging for aircraft 6 at SFO_PARK16.
21:53:50 INFO    Saved idle time 00:30:36 between charging end or arrival and the flight allocation for aircraft 7 at SFO.
21:55:25 INFO    Saved idle time 00:00:30 between charging end or arrival and the flight allocation for aircraft 1 at MV.
21:56:32 INFO    Saved idle time 00:27:20 between charging end or arrival and the flight allocation for aircraft 12 at SFO.
21:59:48 INFO    Saved idle time 00:24:51 between charging end or arrival and the flight allocation for aircraft 3 at SFO.
21:59:59 INFO    Saved idle time 00:00:29 between charging end or arrival and the flight allocation for aircraft 11 at MV.
22:01:12 INFO    Saved idle time of 00:00:30 between arrival and charging for aircraft 8 at SFO_PARK11.
22:03:39 INFO    Saved idle time 00:22:52 between charging end or arrival and the flight allocation for aircraft 4 at SFO.
22:05:06 INFO    Saved idle time of 00:00:30 between arrival and charging for aircraft 9 at SFO_PARK14.
22:07:14 INFO    Saved idle time 00:00:30 between charging end or arrival and the flight allocation for aircraft 7 at MV.
22:07:52 INFO    Saved idle time 00:26:21 between charging end or arrival and the flight allocation for aircraft 10 at SFO.
22:10:50 INFO    Saved idle time of 00:00:30 between arrival and charging for aircraft 1 at SFO_PARK15.
22:11:57 INFO    Saved idle time 00:00:30 between charging end or arrival and the flight allocation for aircraft 12 at MV.
22:12:12 INFO    Saved idle time 00:30:06 between charging end or arrival and the flight allocation for aircraft 0 at SFO.
22:14:29 INFO    Saved idle time 00:18:29 between charging end or arrival and the flight allocation for aircraft 2 at SFO.
22:15:23 INFO    Saved idle time of 00:00:29 between arrival and charging for aircraft 11 at SFO_PARK13.
22:16:09 INFO    Saved idle time 00:00:29 between charging end or arrival and the flight allocation for aircraft 3 at MV.
22:18:44 INFO    Saved idle time 00:12:55 between charging end or arrival and the flight allocation for aircraft 6 at SFO.
22:19:04 INFO    Saved idle time 00:00:30 between charging end or arrival and the flight allocation for aircraft 4 at MV.
22:21:17 INFO    Saved idle time 00:00:30 between charging end or arrival and the flight allocation for aircraft 10 at MV.
22:22:39 INFO    Saved idle time of 00:00:30 between arrival and charging for aircraft 7 at SFO_PARK17.
22:25:02 INFO    Saved idle time 00:18:13 between charging end or arrival and the flight allocation for aircraft 5 at SFO.
22:25:37 INFO    Saved idle time 00:00:30 between charging end or arrival and the flight allocation for aircraft 0 at MV.
22:27:21 INFO    Saved idle time of 00:00:29 between arrival and charging for aircraft 12 at SFO_PARK12.
22:29:54 INFO    Saved idle time 00:00:30 between charging end or arrival and the flight allocation for aircraft 2 at MV.
22:31:58 INFO    Saved idle time of 00:00:30 between arrival and charging for aircraft 3 at SFO_PARK16.
22:32:08 INFO    Saved idle time 00:00:29 between charging end or arrival and the flight allocation for aircraft 6 at MV.
22:34:29 INFO    Saved idle time of 00:00:30 between arrival and charging for aircraft 4 at SFO_PARK18.
22:35:13 INFO    Saved idle time 00:18:26 between charging end or arrival and the flight allocation for aircraft 8 at SFO.
22:37:53 INFO    Saved idle time of 00:00:30 between arrival and charging for aircraft 10 at SFO_PARK11.
22:38:27 INFO    Saved idle time 00:00:30 between charging end or arrival and the flight allocation for aircraft 5 at MV.
22:42:38 INFO    Saved idle time 00:17:24 between charging end or arrival and the flight allocation for aircraft 9 at SFO.
22:44:52 INFO    Saved idle time 00:13:54 between charging end or arrival and the flight allocation for aircraft 1 at SFO.
22:45:19 INFO    Saved idle time of 00:00:30 between arrival and charging for aircraft 0 at SFO_PARK14.
22:47:25 INFO    Saved idle time 00:11:53 between charging end or arrival and the flight allocation for aircraft 11 at SFO.
22:47:33 INFO    Saved idle time of 00:00:30 between arrival and charging for aircraft 2 at SFO_PARK15.
22:48:38 INFO    Saved idle time 00:00:30 between charging end or arrival and the flight allocation for aircraft 8 at MV.
22:49:18 INFO    Saved idle time 00:12:23 between charging end or arrival and the flight allocation for aircraft 7 at SFO.
22:50:05 INFO    Saved idle time of 00:00:29 between arrival and charging for aircraft 6 at SFO_PARK13.
22:53:13 INFO    Saved idle time 00:05:44 between charging end or arrival and the flight allocation for aircraft 12 at SFO.
22:53:52 INFO    Saved idle time of 00:00:30 between arrival and charging for aircraft 5 at SFO_PARK17.
22:56:03 INFO    Saved idle time 00:00:29 between charging end or arrival and the flight allocation for aircraft 9 at MV.
22:57:55 INFO    Saved idle time 00:05:49 between charging end or arrival and the flight allocation for aircraft 3 at SFO.
22:58:17 INFO    Saved idle time 00:00:30 between charging end or arrival and the flight allocation for aircraft 1 at MV.
23:00:49 INFO    Saved idle time 00:00:30 between charging end or arrival and the flight allocation for aircraft 11 at MV.
23:04:02 INFO    Saved idle time of 00:00:29 between arrival and charging for aircraft 8 at SFO_PARK12.
23:07:46 INFO    Saved idle time 00:05:16 between charging end or arrival and the flight allocation for aircraft 7 at MV.
23:11:27 INFO    Saved idle time of 00:00:30 between arrival and charging for aircraft 9 at SFO_PARK16.
23:13:34 INFO    Saved idle time 00:18:57 between charging end or arrival and the flight allocation for aircraft 4 at SFO.
23:16:14 INFO    Saved idle time of 00:00:30 between arrival and charging for aircraft 1 at SFO_PARK18.
23:18:07 INFO    Saved idle time 00:11:51 between charging end or arrival and the flight allocation for aircraft 12 at MV.
23:20:30 INFO    Saved idle time 00:20:15 between charging end or arrival and the flight allocation for aircraft 0 at SFO.
23:23:11 INFO    Saved idle time of 00:00:30 between arrival and charging for aircraft 11 at SFO_PARK14.
23:26:09 INFO    Saved idle time 00:14:40 between charging end or arrival and the flight allocation for aircraft 3 at MV.
23:29:48 INFO    Saved idle time 00:28:56 between charging end or arrival and the flight allocation for aircraft 10 at SFO.
23:30:02 INFO    Saved idle time 00:03:33 between charging end or arrival and the flight allocation for aircraft 4 at MV.
23:30:51 INFO    Saved idle time 00:25:12 between charging end or arrival and the flight allocation for aircraft 6 at SFO.
23:33:16 INFO    Saved idle time of 00:00:30 between arrival and charging for aircraft 7 at SFO_PARK11.
23:35:10 INFO    Saved idle time of 00:00:29 between arrival and charging for aircraft 12 at SFO_PARK13.
23:38:43 INFO    Saved idle time 00:04:59 between charging end or arrival and the flight allocation for aircraft 0 at MV.
23:40:12 INFO    Saved idle time 00:31:55 between charging end or arrival and the flight allocation for aircraft 2 at SFO.
23:42:52 INFO    Saved idle time of 00:00:30 between arrival and charging for aircraft 3 at SFO_PARK15.
23:43:12 INFO    Saved idle time of 00:00:29 between arrival and charging for aircraft 10 at MV_PARK13.
23:45:18 INFO    Saved idle time 00:00:30 between charging end or arrival and the flight allocation for aircraft 6 at MV.
23:48:56 INFO    Saved idle time 00:40:08 between charging end or arrival and the flight allocation for aircraft 5 at SFO.
23:51:36 INFO    Saved idle time of 00:00:30 between arrival and charging for aircraft 4 at SFO_PARK17.
23:52:13 INFO    Saved idle time 00:33:14 between charging end or arrival and the flight allocation for aircraft 8 at SFO.
23:54:53 INFO    Saved idle time of 00:00:29 between arrival and charging for aircraft 0 at SFO_PARK12.
23:54:54 INFO    Saved idle time 00:01:47 between charging end or arrival and the flight allocation for aircraft 2 at MV.
24:04:35 INFO    Saved idle time 00:02:44 between charging end or arrival and the flight allocation for aircraft 5 at MV.
24:04:38 INFO    Saved idle time 00:38:34 between charging end or arrival and the flight allocation for aircraft 9 at SFO.
24:06:11 INFO    Saved idle time of 00:00:00 between arrival and charging for aircraft 10 at MV_PARK13.
24:07:18 INFO    Saved idle time of 00:00:30 between arrival and charging for aircraft 6 at SFO_PARK16.
24:11:21 INFO    Saved idle time 00:06:14 between charging end or arrival and the flight allocation for aircraft 8 at MV.
24:17:19 INFO    Saved idle time 00:46:49 between charging end or arrival and the flight allocation for aircraft 1 at SFO.
24:19:59 INFO    Saved idle time 00:41:13 between charging end or arrival and the flight allocation for aircraft 11 at SFO.
24:20:00 INFO    Saved idle time of 00:00:30 between arrival and charging for aircraft 2 at SFO_PARK18.
24:20:20 INFO    Saved idle time 00:02:47 between charging end or arrival and the flight allocation for aircraft 9 at MV.
24:22:39 INFO    Saved idle time of 00:00:30 between arrival and charging for aircraft 5 at SFO_PARK14.
24:26:28 INFO    Saved idle time 00:37:37 between charging end or arrival and the flight allocation for aircraft 7 at SFO.
24:29:08 INFO    Saved idle time of 00:00:30 between arrival and charging for aircraft 8 at SFO_PARK11.
24:29:09 INFO    Saved idle time 00:00:00 between charging end or arrival and the flight allocation for aircraft 10 at MV.
24:35:39 INFO    Saved idle time 00:04:47 between charging end or arrival and the flight allocation for aircraft 1 at MV.
24:35:42 INFO    Saved idle time 00:44:56 between charging end or arrival and the flight allocation for aircraft 12 at SFO.
24:38:22 INFO    Saved idle time of 00:00:29 between arrival and charging for aircraft 9 at SFO_PARK13.
24:44:39 INFO    Saved idle time 00:11:45 between charging end or arrival and the flight allocation for aircraft 11 at MV.
24:44:53 INFO    Saved idle time 00:47:05 between charging end or arrival and the flight allocation for aircraft 3 at SFO.
24:47:34 INFO    Saved idle time of 00:00:30 between arrival and charging for aircraft 10 at SFO_PARK15.
24:50:13 INFO    Saved idle time 00:10:51 between charging end or arrival and the flight allocation for aircraft 7 at MV.
24:57:23 INFO    Saved idle time 00:51:51 between charging end or arrival and the flight allocation for aircraft 4 at SFO.
24:58:02 INFO    Saved idle time 00:09:26 between charging end or arrival and the flight allocation for aircraft 12 at MV.
25:00:04 INFO    Saved idle time of 00:00:30 between arrival and charging for aircraft 1 at SFO_PARK17.
25:01:29 INFO    Saved idle time 00:03:40 between charging end or arrival and the flight allocation for aircraft 3 at MV.
25:02:58 INFO    Saved idle time 00:53:29 between charging end or arrival and the flight allocation for aircraft 0 at SFO.
25:05:38 INFO    Saved idle time of 00:00:29 between arrival and charging for aircraft 11 at SFO_PARK12.
25:10:47 INFO    Saved idle time 00:49:53 between charging end or arrival and the flight allocation for aircraft 6 at SFO.
25:10:48 INFO    Saved idle time 00:00:30 between charging end or arrival and the flight allocation for aircraft 4 at MV.
25:13:27 INFO    Saved idle time of 00:00:30 between arrival and charging for aircraft 7 at SFO_PARK16.
25:14:13 INFO    Saved idle time 00:39:17 between charging end or arrival and the flight allocation for aircraft 2 at SFO.
25:16:22 INFO    Saved idle time 00:00:29 between charging end or arrival and the flight allocation for aircraft 0 at MV.
25:16:54 INFO    Saved idle time of 00:00:30 between arrival and charging for aircraft 12 at SFO_PARK18.
25:21:29 INFO    Saved idle time 00:43:15 between charging end or arrival and the flight allocation for aircraft 5 at SFO.
25:24:10 INFO    Saved idle time of 00:00:30 between arrival and charging for aircraft 3 at SFO_PARK14.
25:24:11 INFO    Saved idle time 00:00:29 between charging end or arrival and the flight allocation for aircraft 6 at MV.
25:28:02 INFO    Saved idle time 00:43:58 between charging end or arrival and the flight allocation for aircraft 8 at SFO.
25:28:24 INFO    Saved idle time 00:00:30 between charging end or arrival and the flight allocation for aircraft 2 at MV.
25:29:06 INFO    Saved idle time 00:35:48 between charging end or arrival and the flight allocation for aircraft 9 at SFO.
25:31:30 INFO    Saved idle time of 00:00:30 between arrival and charging for aircraft 4 at SFO_PARK11.
25:33:25 INFO    Saved idle time of 00:00:29 between arrival and charging for aircraft 0 at SFO_PARK13.
25:34:54 INFO    Saved idle time 00:00:30 between charging end or arrival and the flight allocation for aircraft 5 at MV.
25:35:32 INFO    Saved idle time 00:24:59 between charging end or arrival and the flight allocation for aircraft 10 at SFO.
25:39:36 INFO    Saved idle time of 00:00:30 between arrival and charging for aircraft 6 at SFO_PARK15.
25:41:27 INFO    Saved idle time 00:00:30 between charging end or arrival and the flight allocation for aircraft 8 at MV.
25:43:32 INFO    Saved idle time 00:00:30 between charging end or arrival and the flight allocation for aircraft 9 at MV.
25:47:24 INFO    Saved idle time 00:33:04 between charging end or arrival and the flight allocation for aircraft 1 at SFO.
25:47:39 INFO    Saved idle time 00:26:26 between charging end or arrival and the flight allocation for aircraft 11 at SFO.
25:48:57 INFO    Saved idle time 00:00:30 between charging end or arrival and the flight allocation for aircraft 10 at MV.
25:50:52 INFO    Saved idle time of 00:00:30 between arrival and charging for aircraft 2 at SFO_PARK17.
25:51:13 INFO    Saved idle time 00:22:11 between charging end or arrival and the flight allocation for aircraft 7 at SFO.
25:53:26 INFO    Saved idle time of 00:00:29 between arrival and charging for aircraft 5 at SFO_PARK12.
25:55:33 INFO    Saved idle time 00:23:04 between charging end or arrival and the flight allocation for aircraft 12 at SFO.
25:56:17 INFO    Saved idle time 00:16:32 between charging end or arrival and the flight allocation for aircraft 3 at SFO.
25:57:46 INFO    Saved idle time of 00:00:30 between arrival and charging for aircraft 8 at SFO_PARK16.
25:59:41 INFO    Saved idle time of 00:00:30 between arrival and charging for aircraft 9 at SFO_PARK18.
26:00:49 INFO    Saved idle time 00:00:30 between charging end or arrival and the flight allocation for aircraft 1 at MV.
26:02:53 INFO    Saved idle time 00:00:29 between charging end or arrival and the flight allocation for aircraft 11 at MV.
26:04:22 INFO    Saved idle time of 00:00:30 between arrival and charging for aircraft 10 at SFO_PARK14.
26:05:01 INFO    Saved idle time 00:00:29 between charging end or arrival and the flight allocation for aircraft 7 at MV.
26:07:01 INFO    Saved idle time 00:20:54 between charging end or arrival and the flight allocation for aircraft 4 at SFO.
26:09:14 INFO    Saved idle time 00:00:30 between charging end or arrival and the flight allocation for aircraft 12 at MV.
26:12:11 INFO    Saved idle time 00:24:30 between charging end or arrival and the flight allocation for aircraft 0 at SFO.
26:16:14 INFO    Saved idle time of 00:00:30 between arrival and charging for aircraft 1 at SFO_PARK11.
26:18:18 INFO    Saved idle time of 00:00:29 between arrival and charging for aircraft 11 at SFO_PARK13.
26:19:13 INFO    Saved idle time 00:08:35 between charging end or arrival and the flight allocation for aircraft 3 at MV.
26:21:58 INFO    Saved idle time 00:27:46 between charging end or arrival and the flight allocation for aircraft 6 at SFO.
26:24:39 INFO    Saved idle time of 00:00:30 between arrival and charging for aircraft 7 at SFO_PARK15.
26:31:58 INFO    Saved idle time 00:26:50 between charging end or arrival and the flight allocation for aircraft 2 at SFO.
26:32:27 INFO    Saved idle time 00:12:31 between charging end or arrival and the flight allocation for aircraft 4 at MV.
26:34:14 INFO    Saved idle time 00:09:09 between charging end or arrival and the flight allocation for aircraft 0 at MV.
26:34:38 INFO    Saved idle time of 00:00:30 between arrival and charging for aircraft 12 at SFO_PARK17.
26:43:43 INFO    Saved idle time 00:08:50 between charging end or arrival and the flight allocation for aircraft 6 at MV.
26:45:37 INFO    Saved idle time 00:36:17 between charging end or arrival and the flight allocation for aircraft 5 at SFO.
26:47:26 INFO    Saved idle time 00:02:33 between charging end or arrival and the flight allocation for aircraft 2 at MV.
26:47:42 INFO    Saved idle time 00:35:00 between charging end or arrival and the flight allocation for aircraft 8 at SFO.
26:48:17 INFO    Saved idle time of 00:00:29 between arrival and charging for aircraft 3 at SFO_PARK12.
26:50:28 INFO    Saved idle time of 00:00:30 between arrival and charging for aircraft 4 at SFO_PARK16.
26:56:27 INFO    Saved idle time 00:42:50 between charging end or arrival and the flight allocation for aircraft 9 at SFO.
26:59:08 INFO    Saved idle time of 00:00:30 between arrival and charging for aircraft 0 at SFO_PARK18.
27:00:10 INFO    Saved idle time 00:32:49 between charging end or arrival and the flight allocation for aircraft 10 at SFO.
27:02:51 INFO    Saved idle time of 00:00:30 between arrival and charging for aircraft 6 at SFO_PARK14.
27:05:14 INFO    Saved idle time 00:06:42 between charging end or arrival and the flight allocation for aircraft 5 at MV.
27:13:35 INFO    Saved idle time of 00:00:30 between arrival and charging for aircraft 10 at MV_PARK15.
27:17:58 INFO    Saved idle time 00:46:48 between charging end or arrival and the flight allocation for aircraft 1 at SFO.
27:20:08 INFO    Saved idle time 00:19:25 between charging end or arrival and the flight allocation for aircraft 8 at MV.
27:20:38 INFO    Saved idle time of 00:00:30 between arrival and charging for aircraft 2 at SFO_PARK11.
27:32:52 INFO    Saved idle time 01:00:58 between charging end or arrival and the flight allocation for aircraft 11 at SFO.
27:35:32 INFO    Saved idle time of 00:00:29 between arrival and charging for aircraft 5 at SFO_PARK13.
27:36:34 INFO    Saved idle time of 00:00:00 between arrival and charging for aircraft 10 at MV_PARK15.
27:37:33 INFO    Saved idle time 00:28:11 between charging end or arrival and the flight allocation for aircraft 9 at MV.
27:47:05 INFO    Saved idle time 00:16:12 between charging end or arrival and the flight allocation for aircraft 1 at MV.
27:50:17 INFO    Saved idle time 01:10:43 between charging end or arrival and the flight allocation for aircraft 7 at SFO.
27:52:58 INFO    Saved idle time of 00:00:30 between arrival and charging for aircraft 8 at SFO_PARK15.
27:54:30 INFO    Saved idle time 00:08:44 between charging end or arrival and the flight allocation for aircraft 11 at MV.
27:59:50 INFO    Saved idle time 01:09:37 between charging end or arrival and the flight allocation for aircraft 12 at SFO.
28:02:30 INFO    Saved idle time of 00:00:30 between arrival and charging for aircraft 9 at SFO_PARK17.
28:03:45 INFO    Saved idle time 00:04:12 between charging end or arrival and the flight allocation for aircraft 10 at MV.
28:07:14 INFO    Saved idle time 01:04:41 between charging end or arrival and the flight allocation for aircraft 3 at SFO.
28:09:54 INFO    Saved idle time of 00:00:29 between arrival and charging for aircraft 1 at SFO_PARK12.
28:11:50 INFO    Saved idle time 00:08:37 between charging end or arrival and the flight allocation for aircraft 7 at MV.
28:14:30 INFO    Saved idle time 01:08:27 between charging end or arrival and the flight allocation for aircraft 4 at SFO.
28:16:08 INFO    Saved idle time 00:03:23 between charging end or arrival and the flight allocation for aircraft 12 at MV.
28:17:10 INFO    Saved idle time of 00:00:30 between arrival and charging for aircraft 11 at SFO_PARK16.
28:24:34 INFO    Saved idle time 01:09:52 between charging end or arrival and the flight allocation for aircraft 0 at SFO.
28:26:27 INFO    Saved idle time 00:06:18 between charging end or arrival and the flight allocation for aircraft 3 at MV.
28:27:15 INFO    Saved idle time of 00:00:30 between arrival and charging for aircraft 10 at SFO_PARK18.
28:28:53 INFO    Saved idle time 01:11:26 between charging end or arrival and the flight allocation for aircraft 6 at SFO.
28:31:33 INFO    Saved idle time of 00:00:30 between arrival and charging for aircraft 7 at SFO_PARK14.
28:39:11 INFO    Saved idle time 01:04:16 between charging end or arrival and the flight allocation for aircraft 2 at SFO.
28:40:48 INFO    Saved idle time 00:13:23 between charging end or arrival and the flight allocation for aircraft 4 at MV.
28:41:52 INFO    Saved idle time of 00:00:30 between arrival and charging for aircraft 12 at SFO_PARK11.
28:53:32 INFO    Saved idle time 01:03:44 between charging end or arrival and the flight allocation for aircraft 5 at SFO.
28:56:12 INFO    Saved idle time of 00:00:29 between arrival and charging for aircraft 3 at SFO_PARK13.
28:56:26 INFO    Saved idle time 00:18:57 between charging end or arrival and the flight allocation for aircraft 0 at MV.
29:00:01 INFO    Saved idle time 00:18:13 between charging end or arrival and the flight allocation for aircraft 6 at MV.
29:09:11 INFO    Saved idle time 01:01:56 between charging end or arrival and the flight allocation for aircraft 8 at SFO.
29:11:51 INFO    Saved idle time of 00:00:30 between arrival and charging for aircraft 4 at SFO_PARK15.
29:12:45 INFO    Saved idle time 00:56:19 between charging end or arrival and the flight allocation for aircraft 9 at SFO.
29:15:26 INFO    Saved idle time of 00:00:30 between arrival and charging for aircraft 0 at SFO_PARK17.
29:34:22 INFO    Saved idle time 00:42:15 between charging end or arrival and the flight allocation for aircraft 2 at MV.
29:47:06 INFO    Saved idle time 01:22:56 between charging end or arrival and the flight allocation for aircraft 1 at SFO.
29:49:46 INFO    Saved idle time of 00:00:29 between arrival and charging for aircraft 6 at SFO_PARK12.
